Eyl 10, 2026 12:03:27 ÖÖ java.util.prefs.WindowsPreferences <init>
WARNING: Could not open/create prefs root node Software\JavaSoft\Prefs at root 0xffffffff80000001. Windows RegCreateKeyEx(...) returned error code 5.
Packing project ...
|                                                                                                    |

|======>                                                                                               |   00:00
|============>                                                                                         |   00:00
|==================>                                                                                   |   00:00
|=========================>                                                                            |   00:00
|===============================>                                                                      |   00:00
|=====================================>                                                                |   00:00
|===========================================>                                                          |   00:00
|==================================================>                                                   |   00:00
|========================================================>                                             |   00:00
|==============================================================>                                       |   00:00
|====================================================================>                                 |   00:00
|===========================================================================>                          |   00:00
|=================================================================================>                    |   00:00
|=======================================================================================>              |   00:00
|=============================================================================================>        |   00:00
|====================================================================================================|   00:00

|===================================================================================================>  |   00:00
|===================================================================================================>  |   00:00
|===================================================================================================>  |   00:00
|===================================================================================================>  |   00:00
|===================================================================================================>  |   00:00
|===================================================================================================>  |   00:00
|===================================================================================================>  |   00:00
|===================================================================================================>  |   00:01
|===================================================================================================>  |   00:01
|===================================================================================================>  |   00:01
|===================================================================================================>  |   00:01
|===================================================================================================>  |   00:01
|===================================================================================================>  |   00:01
|===================================================================================================>  |   00:01
|===================================================================================================>  |   00:01
|===================================================================================================>  |   00:01
